ARM GAS  C:\Users\jdrd3\AppData\Local\Temp\ccFmyDZM.s 			page 1


   1              		.syntax unified
   2              		.cpu cortex-m0
   3              		.fpu softvfp
   4              		.eabi_attribute 20, 1
   5              		.eabi_attribute 21, 1
   6              		.eabi_attribute 23, 3
   7              		.eabi_attribute 24, 1
   8              		.eabi_attribute 25, 1
   9              		.eabi_attribute 26, 1
  10              		.eabi_attribute 30, 6
  11              		.eabi_attribute 34, 0
  12              		.eabi_attribute 18, 4
  13              		.thumb
  14              		.syntax unified
  15              		.file	"cyfitter_cfg.c"
  16              		.text
  17              	.Ltext0:
  18              		.cfi_sections	.debug_frame
  19              		.section	.text.CYMEMZERO,"ax",%progbits
  20              		.align	2
  21              		.code	16
  22              		.thumb_func
  23              		.type	CYMEMZERO, %function
  24              	CYMEMZERO:
  25              	.LFB0:
  26              		.file 1 "Generated_Source\\PSoC4\\cyfitter_cfg.c"
   1:Generated_Source\PSoC4/cyfitter_cfg.c **** 
   2:Generated_Source\PSoC4/cyfitter_cfg.c **** /*******************************************************************************
   3:Generated_Source\PSoC4/cyfitter_cfg.c **** * File Name: cyfitter_cfg.c
   4:Generated_Source\PSoC4/cyfitter_cfg.c **** * 
   5:Generated_Source\PSoC4/cyfitter_cfg.c **** * PSoC Creator  4.2
   6:Generated_Source\PSoC4/cyfitter_cfg.c **** *
   7:Generated_Source\PSoC4/cyfitter_cfg.c **** * Description:
   8:Generated_Source\PSoC4/cyfitter_cfg.c **** * This file contains device initialization code.
   9:Generated_Source\PSoC4/cyfitter_cfg.c **** * Except for the user defined sections in CyClockStartupError(), this file should not be modified.
  10:Generated_Source\PSoC4/cyfitter_cfg.c **** * This file is automatically generated by PSoC Creator.
  11:Generated_Source\PSoC4/cyfitter_cfg.c **** *
  12:Generated_Source\PSoC4/cyfitter_cfg.c **** ********************************************************************************
  13:Generated_Source\PSoC4/cyfitter_cfg.c **** * Copyright (c) 2007-2018 Cypress Semiconductor.  All rights reserved.
  14:Generated_Source\PSoC4/cyfitter_cfg.c **** * You may use this file only in accordance with the license, terms, conditions, 
  15:Generated_Source\PSoC4/cyfitter_cfg.c **** * disclaimers, and limitations in the end user license agreement accompanying 
  16:Generated_Source\PSoC4/cyfitter_cfg.c **** * the software package with which this file was provided.
  17:Generated_Source\PSoC4/cyfitter_cfg.c **** ********************************************************************************/
  18:Generated_Source\PSoC4/cyfitter_cfg.c **** 
  19:Generated_Source\PSoC4/cyfitter_cfg.c **** #include <string.h>
  20:Generated_Source\PSoC4/cyfitter_cfg.c **** #include "cytypes.h"
  21:Generated_Source\PSoC4/cyfitter_cfg.c **** #include "cydevice_trm.h"
  22:Generated_Source\PSoC4/cyfitter_cfg.c **** #include "cyfitter.h"
  23:Generated_Source\PSoC4/cyfitter_cfg.c **** #include "CyLib.h"
  24:Generated_Source\PSoC4/cyfitter_cfg.c **** #include "cyfitter_cfg.h"
  25:Generated_Source\PSoC4/cyfitter_cfg.c **** 
  26:Generated_Source\PSoC4/cyfitter_cfg.c **** 
  27:Generated_Source\PSoC4/cyfitter_cfg.c **** #if defined(__GNUC__) || defined(__ARMCC_VERSION)
  28:Generated_Source\PSoC4/cyfitter_cfg.c ****     #define CYPACKED 
  29:Generated_Source\PSoC4/cyfitter_cfg.c ****     #define CYPACKED_ATTR __attribute__ ((packed))
  30:Generated_Source\PSoC4/cyfitter_cfg.c ****     #define CYALIGNED __attribute__ ((aligned))
  31:Generated_Source\PSoC4/cyfitter_cfg.c ****     #define CY_CFG_UNUSED __attribute__ ((unused))
ARM GAS  C:\Users\jdrd3\AppData\Local\Temp\ccFmyDZM.s 			page 2


  32:Generated_Source\PSoC4/cyfitter_cfg.c ****     #ifndef CY_CFG_SECTION
  33:Generated_Source\PSoC4/cyfitter_cfg.c ****         #define CY_CFG_SECTION __attribute__ ((section(".psocinit")))
  34:Generated_Source\PSoC4/cyfitter_cfg.c ****     #endif
  35:Generated_Source\PSoC4/cyfitter_cfg.c ****     
  36:Generated_Source\PSoC4/cyfitter_cfg.c ****     #if defined(__ARMCC_VERSION)
  37:Generated_Source\PSoC4/cyfitter_cfg.c ****         #define CY_CFG_MEMORY_BARRIER() __memory_changed()
  38:Generated_Source\PSoC4/cyfitter_cfg.c ****     #else
  39:Generated_Source\PSoC4/cyfitter_cfg.c ****         #define CY_CFG_MEMORY_BARRIER() __sync_synchronize()
  40:Generated_Source\PSoC4/cyfitter_cfg.c ****     #endif
  41:Generated_Source\PSoC4/cyfitter_cfg.c ****     
  42:Generated_Source\PSoC4/cyfitter_cfg.c **** #elif defined(__ICCARM__)
  43:Generated_Source\PSoC4/cyfitter_cfg.c ****     #include <intrinsics.h>
  44:Generated_Source\PSoC4/cyfitter_cfg.c **** 
  45:Generated_Source\PSoC4/cyfitter_cfg.c ****     #define CYPACKED __packed
  46:Generated_Source\PSoC4/cyfitter_cfg.c ****     #define CYPACKED_ATTR 
  47:Generated_Source\PSoC4/cyfitter_cfg.c ****     #define CYALIGNED _Pragma("data_alignment=4")
  48:Generated_Source\PSoC4/cyfitter_cfg.c ****     #define CY_CFG_UNUSED _Pragma("diag_suppress=Pe177")
  49:Generated_Source\PSoC4/cyfitter_cfg.c ****     #define CY_CFG_SECTION _Pragma("location=\".psocinit\"")
  50:Generated_Source\PSoC4/cyfitter_cfg.c ****     
  51:Generated_Source\PSoC4/cyfitter_cfg.c ****     #define CY_CFG_MEMORY_BARRIER() __DMB()
  52:Generated_Source\PSoC4/cyfitter_cfg.c ****     
  53:Generated_Source\PSoC4/cyfitter_cfg.c **** #else
  54:Generated_Source\PSoC4/cyfitter_cfg.c ****     #error Unsupported toolchain
  55:Generated_Source\PSoC4/cyfitter_cfg.c **** #endif
  56:Generated_Source\PSoC4/cyfitter_cfg.c **** 
  57:Generated_Source\PSoC4/cyfitter_cfg.c **** #ifndef CYCODE
  58:Generated_Source\PSoC4/cyfitter_cfg.c ****     #define CYCODE
  59:Generated_Source\PSoC4/cyfitter_cfg.c **** #endif
  60:Generated_Source\PSoC4/cyfitter_cfg.c **** #ifndef CYDATA
  61:Generated_Source\PSoC4/cyfitter_cfg.c ****     #define CYDATA
  62:Generated_Source\PSoC4/cyfitter_cfg.c **** #endif
  63:Generated_Source\PSoC4/cyfitter_cfg.c **** #ifndef CYFAR
  64:Generated_Source\PSoC4/cyfitter_cfg.c ****     #define CYFAR
  65:Generated_Source\PSoC4/cyfitter_cfg.c **** #endif
  66:Generated_Source\PSoC4/cyfitter_cfg.c **** #ifndef CYXDATA
  67:Generated_Source\PSoC4/cyfitter_cfg.c ****     #define CYXDATA
  68:Generated_Source\PSoC4/cyfitter_cfg.c **** #endif
  69:Generated_Source\PSoC4/cyfitter_cfg.c **** 
  70:Generated_Source\PSoC4/cyfitter_cfg.c **** 
  71:Generated_Source\PSoC4/cyfitter_cfg.c **** CY_CFG_UNUSED
  72:Generated_Source\PSoC4/cyfitter_cfg.c **** static void CYMEMZERO(void *s, size_t n);
  73:Generated_Source\PSoC4/cyfitter_cfg.c **** CY_CFG_UNUSED
  74:Generated_Source\PSoC4/cyfitter_cfg.c **** static void CYMEMZERO(void *s, size_t n)
  75:Generated_Source\PSoC4/cyfitter_cfg.c **** {
  27              		.loc 1 75 0
  28              		.cfi_startproc
  29              		@ args = 0, pretend = 0, frame = 8
  30              		@ frame_needed = 1, uses_anonymous_args = 0
  31 0000 80B5     		push	{r7, lr}
  32              		.cfi_def_cfa_offset 8
  33              		.cfi_offset 7, -8
  34              		.cfi_offset 14, -4
  35 0002 82B0     		sub	sp, sp, #8
  36              		.cfi_def_cfa_offset 16
  37 0004 00AF     		add	r7, sp, #0
  38              		.cfi_def_cfa_register 7
  39 0006 7860     		str	r0, [r7, #4]
ARM GAS  C:\Users\jdrd3\AppData\Local\Temp\ccFmyDZM.s 			page 3


  40 0008 3960     		str	r1, [r7]
  76:Generated_Source\PSoC4/cyfitter_cfg.c **** 	(void)memset(s, 0, n);
  41              		.loc 1 76 0
  42 000a 3A68     		ldr	r2, [r7]
  43 000c 7B68     		ldr	r3, [r7, #4]
  44 000e 0021     		movs	r1, #0
  45 0010 1800     		movs	r0, r3
  46 0012 FFF7FEFF 		bl	memset
  77:Generated_Source\PSoC4/cyfitter_cfg.c **** }
  47              		.loc 1 77 0
  48 0016 C046     		nop
  49 0018 BD46     		mov	sp, r7
  50 001a 02B0     		add	sp, sp, #8
  51              		@ sp needed
  52 001c 80BD     		pop	{r7, pc}
  53              		.cfi_endproc
  54              	.LFE0:
  55              		.size	CYMEMZERO, .-CYMEMZERO
  56 001e C046     		.section	.text.CYCONFIGCPY,"ax",%progbits
  57              		.align	2
  58              		.code	16
  59              		.thumb_func
  60              		.type	CYCONFIGCPY, %function
  61              	CYCONFIGCPY:
  62              	.LFB1:
  78:Generated_Source\PSoC4/cyfitter_cfg.c **** CY_CFG_UNUSED
  79:Generated_Source\PSoC4/cyfitter_cfg.c **** static void CYCONFIGCPY(void *dest, const void *src, size_t n);
  80:Generated_Source\PSoC4/cyfitter_cfg.c **** CY_CFG_UNUSED
  81:Generated_Source\PSoC4/cyfitter_cfg.c **** static void CYCONFIGCPY(void *dest, const void *src, size_t n)
  82:Generated_Source\PSoC4/cyfitter_cfg.c **** {
  63              		.loc 1 82 0
  64              		.cfi_startproc
  65              		@ args = 0, pretend = 0, frame = 16
  66              		@ frame_needed = 1, uses_anonymous_args = 0
  67 0000 80B5     		push	{r7, lr}
  68              		.cfi_def_cfa_offset 8
  69              		.cfi_offset 7, -8
  70              		.cfi_offset 14, -4
  71 0002 84B0     		sub	sp, sp, #16
  72              		.cfi_def_cfa_offset 24
  73 0004 00AF     		add	r7, sp, #0
  74              		.cfi_def_cfa_register 7
  75 0006 F860     		str	r0, [r7, #12]
  76 0008 B960     		str	r1, [r7, #8]
  77 000a 7A60     		str	r2, [r7, #4]
  83:Generated_Source\PSoC4/cyfitter_cfg.c **** 	(void)memcpy(dest, src, n);
  78              		.loc 1 83 0
  79 000c 7A68     		ldr	r2, [r7, #4]
  80 000e B968     		ldr	r1, [r7, #8]
  81 0010 FB68     		ldr	r3, [r7, #12]
  82 0012 1800     		movs	r0, r3
  83 0014 FFF7FEFF 		bl	memcpy
  84:Generated_Source\PSoC4/cyfitter_cfg.c **** }
  84              		.loc 1 84 0
  85 0018 C046     		nop
  86 001a BD46     		mov	sp, r7
  87 001c 04B0     		add	sp, sp, #16
ARM GAS  C:\Users\jdrd3\AppData\Local\Temp\ccFmyDZM.s 			page 4


  88              		@ sp needed
  89 001e 80BD     		pop	{r7, pc}
  90              		.cfi_endproc
  91              	.LFE1:
  92              		.size	CYCONFIGCPY, .-CYCONFIGCPY
  93              		.section	.text.CYCONFIGCPYCODE,"ax",%progbits
  94              		.align	2
  95              		.code	16
  96              		.thumb_func
  97              		.type	CYCONFIGCPYCODE, %function
  98              	CYCONFIGCPYCODE:
  99              	.LFB2:
  85:Generated_Source\PSoC4/cyfitter_cfg.c **** CY_CFG_UNUSED
  86:Generated_Source\PSoC4/cyfitter_cfg.c **** static void CYCONFIGCPYCODE(void *dest, const void *src, size_t n);
  87:Generated_Source\PSoC4/cyfitter_cfg.c **** CY_CFG_UNUSED
  88:Generated_Source\PSoC4/cyfitter_cfg.c **** static void CYCONFIGCPYCODE(void *dest, const void *src, size_t n)
  89:Generated_Source\PSoC4/cyfitter_cfg.c **** {
 100              		.loc 1 89 0
 101              		.cfi_startproc
 102              		@ args = 0, pretend = 0, frame = 16
 103              		@ frame_needed = 1, uses_anonymous_args = 0
 104 0000 80B5     		push	{r7, lr}
 105              		.cfi_def_cfa_offset 8
 106              		.cfi_offset 7, -8
 107              		.cfi_offset 14, -4
 108 0002 84B0     		sub	sp, sp, #16
 109              		.cfi_def_cfa_offset 24
 110 0004 00AF     		add	r7, sp, #0
 111              		.cfi_def_cfa_register 7
 112 0006 F860     		str	r0, [r7, #12]
 113 0008 B960     		str	r1, [r7, #8]
 114 000a 7A60     		str	r2, [r7, #4]
  90:Generated_Source\PSoC4/cyfitter_cfg.c **** 	(void)memcpy(dest, src, n);
 115              		.loc 1 90 0
 116 000c 7A68     		ldr	r2, [r7, #4]
 117 000e B968     		ldr	r1, [r7, #8]
 118 0010 FB68     		ldr	r3, [r7, #12]
 119 0012 1800     		movs	r0, r3
 120 0014 FFF7FEFF 		bl	memcpy
  91:Generated_Source\PSoC4/cyfitter_cfg.c **** }
 121              		.loc 1 91 0
 122 0018 C046     		nop
 123 001a BD46     		mov	sp, r7
 124 001c 04B0     		add	sp, sp, #16
 125              		@ sp needed
 126 001e 80BD     		pop	{r7, pc}
 127              		.cfi_endproc
 128              	.LFE2:
 129              		.size	CYCONFIGCPYCODE, .-CYCONFIGCPYCODE
 130              		.section	.psocinit,"ax",%progbits
 131              		.align	2
 132              		.code	16
 133              		.thumb_func
 134              		.type	ClockSetup, %function
 135              	ClockSetup:
 136              	.LFB3:
  92:Generated_Source\PSoC4/cyfitter_cfg.c **** 
ARM GAS  C:\Users\jdrd3\AppData\Local\Temp\ccFmyDZM.s 			page 5


  93:Generated_Source\PSoC4/cyfitter_cfg.c **** 
  94:Generated_Source\PSoC4/cyfitter_cfg.c **** 
  95:Generated_Source\PSoC4/cyfitter_cfg.c **** 
  96:Generated_Source\PSoC4/cyfitter_cfg.c **** /* Clock startup error codes                                                   */
  97:Generated_Source\PSoC4/cyfitter_cfg.c **** #define CYCLOCKSTART_NO_ERROR    0u
  98:Generated_Source\PSoC4/cyfitter_cfg.c **** #define CYCLOCKSTART_XTAL_ERROR  1u
  99:Generated_Source\PSoC4/cyfitter_cfg.c **** #define CYCLOCKSTART_32KHZ_ERROR 2u
 100:Generated_Source\PSoC4/cyfitter_cfg.c **** #define CYCLOCKSTART_PLL_ERROR   3u
 101:Generated_Source\PSoC4/cyfitter_cfg.c **** #define CYCLOCKSTART_FLL_ERROR   4u
 102:Generated_Source\PSoC4/cyfitter_cfg.c **** #define CYCLOCKSTART_WCO_ERROR   5u
 103:Generated_Source\PSoC4/cyfitter_cfg.c **** 
 104:Generated_Source\PSoC4/cyfitter_cfg.c **** 
 105:Generated_Source\PSoC4/cyfitter_cfg.c **** #ifdef CY_NEED_CYCLOCKSTARTUPERROR
 106:Generated_Source\PSoC4/cyfitter_cfg.c **** /*******************************************************************************
 107:Generated_Source\PSoC4/cyfitter_cfg.c **** * Function Name: CyClockStartupError
 108:Generated_Source\PSoC4/cyfitter_cfg.c **** ********************************************************************************
 109:Generated_Source\PSoC4/cyfitter_cfg.c **** * Summary:
 110:Generated_Source\PSoC4/cyfitter_cfg.c **** *  If an error is encountered during clock configuration (crystal startup error,
 111:Generated_Source\PSoC4/cyfitter_cfg.c **** *  PLL lock error, etc.), the system will end up here.  Unless reimplemented by
 112:Generated_Source\PSoC4/cyfitter_cfg.c **** *  the customer, this function will stop in an infinite loop.
 113:Generated_Source\PSoC4/cyfitter_cfg.c **** *
 114:Generated_Source\PSoC4/cyfitter_cfg.c **** * Parameters:
 115:Generated_Source\PSoC4/cyfitter_cfg.c **** *   void
 116:Generated_Source\PSoC4/cyfitter_cfg.c **** *
 117:Generated_Source\PSoC4/cyfitter_cfg.c **** * Return:
 118:Generated_Source\PSoC4/cyfitter_cfg.c **** *   void
 119:Generated_Source\PSoC4/cyfitter_cfg.c **** *
 120:Generated_Source\PSoC4/cyfitter_cfg.c **** *******************************************************************************/
 121:Generated_Source\PSoC4/cyfitter_cfg.c **** CY_CFG_UNUSED
 122:Generated_Source\PSoC4/cyfitter_cfg.c **** static void CyClockStartupError(uint8 errorCode);
 123:Generated_Source\PSoC4/cyfitter_cfg.c **** CY_CFG_UNUSED
 124:Generated_Source\PSoC4/cyfitter_cfg.c **** static void CyClockStartupError(uint8 errorCode)
 125:Generated_Source\PSoC4/cyfitter_cfg.c **** {
 126:Generated_Source\PSoC4/cyfitter_cfg.c ****     /* To remove the compiler warning if errorCode not used.                */
 127:Generated_Source\PSoC4/cyfitter_cfg.c ****     errorCode = errorCode;
 128:Generated_Source\PSoC4/cyfitter_cfg.c **** 
 129:Generated_Source\PSoC4/cyfitter_cfg.c ****     /* If we have a clock startup error (bad MHz crystal, PLL lock, etc.),  */
 130:Generated_Source\PSoC4/cyfitter_cfg.c ****     /* we will end up here to allow the customer to implement something to  */
 131:Generated_Source\PSoC4/cyfitter_cfg.c ****     /* deal with the clock condition.                                       */
 132:Generated_Source\PSoC4/cyfitter_cfg.c **** 
 133:Generated_Source\PSoC4/cyfitter_cfg.c **** #ifdef CY_CFG_CLOCK_STARTUP_ERROR_CALLBACK
 134:Generated_Source\PSoC4/cyfitter_cfg.c ****     CY_CFG_Clock_Startup_ErrorCallback();
 135:Generated_Source\PSoC4/cyfitter_cfg.c **** #else
 136:Generated_Source\PSoC4/cyfitter_cfg.c ****     /*  If not using CY_CFG_CLOCK_STARTUP_ERROR_CALLBACK, place your clock startup code here. */
 137:Generated_Source\PSoC4/cyfitter_cfg.c ****     /* `#START CyClockStartupError` */
 138:Generated_Source\PSoC4/cyfitter_cfg.c **** 
 139:Generated_Source\PSoC4/cyfitter_cfg.c ****     /* If we have a clock startup error (bad MHz crystal, PLL lock, etc.),  */
 140:Generated_Source\PSoC4/cyfitter_cfg.c ****     /* we will end up here to allow the customer to implement something to  */
 141:Generated_Source\PSoC4/cyfitter_cfg.c ****     /* deal with the clock condition.                                       */
 142:Generated_Source\PSoC4/cyfitter_cfg.c **** 
 143:Generated_Source\PSoC4/cyfitter_cfg.c ****     /* `#END` */
 144:Generated_Source\PSoC4/cyfitter_cfg.c **** 
 145:Generated_Source\PSoC4/cyfitter_cfg.c ****     while(1) {}
 146:Generated_Source\PSoC4/cyfitter_cfg.c **** #endif /* CY_CFG_CLOCK_STARTUP_ERROR_CALLBACK */
 147:Generated_Source\PSoC4/cyfitter_cfg.c **** }
 148:Generated_Source\PSoC4/cyfitter_cfg.c **** #endif
 149:Generated_Source\PSoC4/cyfitter_cfg.c **** 
ARM GAS  C:\Users\jdrd3\AppData\Local\Temp\ccFmyDZM.s 			page 6


 150:Generated_Source\PSoC4/cyfitter_cfg.c **** 
 151:Generated_Source\PSoC4/cyfitter_cfg.c **** 
 152:Generated_Source\PSoC4/cyfitter_cfg.c **** /*******************************************************************************
 153:Generated_Source\PSoC4/cyfitter_cfg.c **** * Function Name: ClockSetup
 154:Generated_Source\PSoC4/cyfitter_cfg.c **** ********************************************************************************
 155:Generated_Source\PSoC4/cyfitter_cfg.c **** *
 156:Generated_Source\PSoC4/cyfitter_cfg.c **** * Summary:
 157:Generated_Source\PSoC4/cyfitter_cfg.c **** *   Performs the initialization of all of the clocks in the device based on the
 158:Generated_Source\PSoC4/cyfitter_cfg.c **** *   settings in the Clock tab of the DWR.  This includes enabling the requested
 159:Generated_Source\PSoC4/cyfitter_cfg.c **** *   clocks and setting the necessary dividers to produce the desired frequency. 
 160:Generated_Source\PSoC4/cyfitter_cfg.c **** *
 161:Generated_Source\PSoC4/cyfitter_cfg.c **** * Parameters:
 162:Generated_Source\PSoC4/cyfitter_cfg.c **** *   void
 163:Generated_Source\PSoC4/cyfitter_cfg.c **** *
 164:Generated_Source\PSoC4/cyfitter_cfg.c **** * Return:
 165:Generated_Source\PSoC4/cyfitter_cfg.c **** *   void
 166:Generated_Source\PSoC4/cyfitter_cfg.c **** *
 167:Generated_Source\PSoC4/cyfitter_cfg.c **** *******************************************************************************/
 168:Generated_Source\PSoC4/cyfitter_cfg.c **** static void ClockSetup(void);
 169:Generated_Source\PSoC4/cyfitter_cfg.c **** CY_CFG_SECTION
 170:Generated_Source\PSoC4/cyfitter_cfg.c **** static void ClockSetup(void)
 171:Generated_Source\PSoC4/cyfitter_cfg.c **** {
 137              		.loc 1 171 0
 138              		.cfi_startproc
 139              		@ args = 0, pretend = 0, frame = 0
 140              		@ frame_needed = 1, uses_anonymous_args = 0
 141 0000 80B5     		push	{r7, lr}
 142              		.cfi_def_cfa_offset 8
 143              		.cfi_offset 7, -8
 144              		.cfi_offset 14, -4
 145 0002 00AF     		add	r7, sp, #0
 146              		.cfi_def_cfa_register 7
 172:Generated_Source\PSoC4/cyfitter_cfg.c **** 	/* Enable HALF_EN before trimming for the flash accelerator. */
 173:Generated_Source\PSoC4/cyfitter_cfg.c **** 	CY_SET_REG32((void CYXDATA *)(CYREG_CLK_SELECT), (CY_GET_REG32((void *)CYREG_CLK_SELECT) | 0x00040
 147              		.loc 1 173 0
 148 0004 124B     		ldr	r3, .L5
 149 0006 124A     		ldr	r2, .L5
 150 0008 1268     		ldr	r2, [r2]
 151 000a 8021     		movs	r1, #128
 152 000c C902     		lsls	r1, r1, #11
 153 000e 0A43     		orrs	r2, r1
 154 0010 1A60     		str	r2, [r3]
 174:Generated_Source\PSoC4/cyfitter_cfg.c **** 
 175:Generated_Source\PSoC4/cyfitter_cfg.c **** 	/* Setup and trim IMO based on desired frequency. */
 176:Generated_Source\PSoC4/cyfitter_cfg.c **** 	CySysClkWriteImoFreq(24u);
 155              		.loc 1 176 0
 156 0012 1820     		movs	r0, #24
 157 0014 FFF7FEFF 		bl	CySysClkWriteImoFreq
 177:Generated_Source\PSoC4/cyfitter_cfg.c **** 
 178:Generated_Source\PSoC4/cyfitter_cfg.c **** 	/* Disable HALF_EN since it is not required at this IMO frequency. */
 179:Generated_Source\PSoC4/cyfitter_cfg.c **** 	CY_SET_REG32((void CYXDATA *)(CYREG_CLK_SELECT), (CY_GET_REG32((void *)CYREG_CLK_SELECT) & 0xFFFBF
 158              		.loc 1 179 0
 159 0018 0D4B     		ldr	r3, .L5
 160 001a 0D4A     		ldr	r2, .L5
 161 001c 1268     		ldr	r2, [r2]
 162 001e 0D49     		ldr	r1, .L5+4
 163 0020 0A40     		ands	r2, r1
ARM GAS  C:\Users\jdrd3\AppData\Local\Temp\ccFmyDZM.s 			page 7


 164 0022 1A60     		str	r2, [r3]
 180:Generated_Source\PSoC4/cyfitter_cfg.c **** 	/* CYDEV_CLK_ILO_CONFIG Starting address: CYDEV_CLK_ILO_CONFIG */
 181:Generated_Source\PSoC4/cyfitter_cfg.c **** 	CY_SET_REG32((void *)(CYREG_CLK_ILO_CONFIG), 0x80000006u);
 165              		.loc 1 181 0
 166 0024 0C4B     		ldr	r3, .L5+8
 167 0026 0D4A     		ldr	r2, .L5+12
 168 0028 1A60     		str	r2, [r3]
 182:Generated_Source\PSoC4/cyfitter_cfg.c **** 
 183:Generated_Source\PSoC4/cyfitter_cfg.c **** 
 184:Generated_Source\PSoC4/cyfitter_cfg.c **** 	/* CYDEV_CLK_SELECT00 Starting address: CYDEV_CLK_SELECT00 */
 185:Generated_Source\PSoC4/cyfitter_cfg.c **** 	CY_SET_REG32((void *)(CYREG_CLK_SELECT03), 0x00000010u);
 169              		.loc 1 185 0
 170 002a 0D4B     		ldr	r3, .L5+16
 171 002c 1022     		movs	r2, #16
 172 002e 1A60     		str	r2, [r3]
 186:Generated_Source\PSoC4/cyfitter_cfg.c **** 
 187:Generated_Source\PSoC4/cyfitter_cfg.c **** 	/* CYDEV_CLK_IMO_CONFIG Starting address: CYDEV_CLK_IMO_CONFIG */
 188:Generated_Source\PSoC4/cyfitter_cfg.c **** 	CY_SET_REG32((void *)(CYREG_CLK_IMO_CONFIG), 0x80000000u);
 173              		.loc 1 188 0
 174 0030 0C4B     		ldr	r3, .L5+20
 175 0032 8022     		movs	r2, #128
 176 0034 1206     		lsls	r2, r2, #24
 177 0036 1A60     		str	r2, [r3]
 189:Generated_Source\PSoC4/cyfitter_cfg.c **** 
 190:Generated_Source\PSoC4/cyfitter_cfg.c **** 	/* CYDEV_CLK_SELECT Starting address: CYDEV_CLK_SELECT */
 191:Generated_Source\PSoC4/cyfitter_cfg.c **** 	CY_SET_REG32((void *)(CYREG_CLK_SELECT), 0x00000000u);
 178              		.loc 1 191 0
 179 0038 054B     		ldr	r3, .L5
 180 003a 0022     		movs	r2, #0
 181 003c 1A60     		str	r2, [r3]
 192:Generated_Source\PSoC4/cyfitter_cfg.c **** 
 193:Generated_Source\PSoC4/cyfitter_cfg.c **** 	/* CYDEV_CLK_DIVIDER_A00 Starting address: CYDEV_CLK_DIVIDER_A00 */
 194:Generated_Source\PSoC4/cyfitter_cfg.c **** 	CY_SET_REG32((void *)(CYREG_CLK_DIVIDER_A00), 0x80000002u);
 182              		.loc 1 194 0
 183 003e 0A4B     		ldr	r3, .L5+24
 184 0040 0A4A     		ldr	r2, .L5+28
 185 0042 1A60     		str	r2, [r3]
 195:Generated_Source\PSoC4/cyfitter_cfg.c **** 
 196:Generated_Source\PSoC4/cyfitter_cfg.c **** 	CY_SET_REG32((void *)(CYREG_WDT_CONFIG), 0x00000000u);
 186              		.loc 1 196 0
 187 0044 0A4B     		ldr	r3, .L5+32
 188 0046 0022     		movs	r2, #0
 189 0048 1A60     		str	r2, [r3]
 197:Generated_Source\PSoC4/cyfitter_cfg.c **** }
 190              		.loc 1 197 0
 191 004a C046     		nop
 192 004c BD46     		mov	sp, r7
 193              		@ sp needed
 194 004e 80BD     		pop	{r7, pc}
 195              	.L6:
 196              		.align	2
 197              	.L5:
 198 0050 00010B40 		.word	1074462976
 199 0054 FFFFFBFF 		.word	-262145
 200 0058 04010B40 		.word	1074462980
 201 005c 06000080 		.word	-2147483642
 202 0060 0C020240 		.word	1073873420
ARM GAS  C:\Users\jdrd3\AppData\Local\Temp\ccFmyDZM.s 			page 8


 203 0064 08010B40 		.word	1074462984
 204 0068 00000240 		.word	1073872896
 205 006c 02000080 		.word	-2147483646
 206 0070 0C020B40 		.word	1074463244
 207              		.cfi_endproc
 208              	.LFE3:
 209              		.size	ClockSetup, .-ClockSetup
 210              		.section	.text.AnalogSetDefault,"ax",%progbits
 211              		.align	2
 212              		.code	16
 213              		.thumb_func
 214              		.type	AnalogSetDefault, %function
 215              	AnalogSetDefault:
 216              	.LFB4:
 198:Generated_Source\PSoC4/cyfitter_cfg.c **** 
 199:Generated_Source\PSoC4/cyfitter_cfg.c **** 
 200:Generated_Source\PSoC4/cyfitter_cfg.c **** /* Analog API Functions */
 201:Generated_Source\PSoC4/cyfitter_cfg.c **** 
 202:Generated_Source\PSoC4/cyfitter_cfg.c **** 
 203:Generated_Source\PSoC4/cyfitter_cfg.c **** /*******************************************************************************
 204:Generated_Source\PSoC4/cyfitter_cfg.c **** * Function Name: AnalogSetDefault
 205:Generated_Source\PSoC4/cyfitter_cfg.c **** ********************************************************************************
 206:Generated_Source\PSoC4/cyfitter_cfg.c **** *
 207:Generated_Source\PSoC4/cyfitter_cfg.c **** * Summary:
 208:Generated_Source\PSoC4/cyfitter_cfg.c **** *  Sets up the analog portions of the chip to default values based on chip
 209:Generated_Source\PSoC4/cyfitter_cfg.c **** *  configuration options from the project.
 210:Generated_Source\PSoC4/cyfitter_cfg.c **** *
 211:Generated_Source\PSoC4/cyfitter_cfg.c **** * Parameters:
 212:Generated_Source\PSoC4/cyfitter_cfg.c **** *  void
 213:Generated_Source\PSoC4/cyfitter_cfg.c **** *
 214:Generated_Source\PSoC4/cyfitter_cfg.c **** * Return:
 215:Generated_Source\PSoC4/cyfitter_cfg.c **** *  void
 216:Generated_Source\PSoC4/cyfitter_cfg.c **** *
 217:Generated_Source\PSoC4/cyfitter_cfg.c **** *******************************************************************************/
 218:Generated_Source\PSoC4/cyfitter_cfg.c **** static void AnalogSetDefault(void);
 219:Generated_Source\PSoC4/cyfitter_cfg.c **** static void AnalogSetDefault(void)
 220:Generated_Source\PSoC4/cyfitter_cfg.c **** {
 217              		.loc 1 220 0
 218              		.cfi_startproc
 219              		@ args = 0, pretend = 0, frame = 0
 220              		@ frame_needed = 1, uses_anonymous_args = 0
 221 0000 80B5     		push	{r7, lr}
 222              		.cfi_def_cfa_offset 8
 223              		.cfi_offset 7, -8
 224              		.cfi_offset 14, -4
 225 0002 00AF     		add	r7, sp, #0
 226              		.cfi_def_cfa_register 7
 221:Generated_Source\PSoC4/cyfitter_cfg.c **** }
 227              		.loc 1 221 0
 228 0004 C046     		nop
 229 0006 BD46     		mov	sp, r7
 230              		@ sp needed
 231 0008 80BD     		pop	{r7, pc}
 232              		.cfi_endproc
 233              	.LFE4:
 234              		.size	AnalogSetDefault, .-AnalogSetDefault
 235 000a C046     		.section	.psocinit
ARM GAS  C:\Users\jdrd3\AppData\Local\Temp\ccFmyDZM.s 			page 9


 236              		.align	2
 237              		.global	cyfitter_cfg
 238              		.code	16
 239              		.thumb_func
 240              		.type	cyfitter_cfg, %function
 241              	cyfitter_cfg:
 242              	.LFB5:
 222:Generated_Source\PSoC4/cyfitter_cfg.c **** 
 223:Generated_Source\PSoC4/cyfitter_cfg.c **** 
 224:Generated_Source\PSoC4/cyfitter_cfg.c **** 
 225:Generated_Source\PSoC4/cyfitter_cfg.c **** 
 226:Generated_Source\PSoC4/cyfitter_cfg.c **** /*******************************************************************************
 227:Generated_Source\PSoC4/cyfitter_cfg.c **** * Function Name: cyfitter_cfg
 228:Generated_Source\PSoC4/cyfitter_cfg.c **** ********************************************************************************
 229:Generated_Source\PSoC4/cyfitter_cfg.c **** * Summary:
 230:Generated_Source\PSoC4/cyfitter_cfg.c **** *  This function is called by the start-up code for the selected device. It
 231:Generated_Source\PSoC4/cyfitter_cfg.c **** *  performs all of the necessary device configuration based on the design
 232:Generated_Source\PSoC4/cyfitter_cfg.c **** *  settings.  This includes settings from the Design Wide Resources (DWR) such
 233:Generated_Source\PSoC4/cyfitter_cfg.c **** *  as Clocks and Pins as well as any component configuration that is necessary.
 234:Generated_Source\PSoC4/cyfitter_cfg.c **** *
 235:Generated_Source\PSoC4/cyfitter_cfg.c **** * Parameters:
 236:Generated_Source\PSoC4/cyfitter_cfg.c **** *   void
 237:Generated_Source\PSoC4/cyfitter_cfg.c **** *
 238:Generated_Source\PSoC4/cyfitter_cfg.c **** * Return:
 239:Generated_Source\PSoC4/cyfitter_cfg.c **** *   void
 240:Generated_Source\PSoC4/cyfitter_cfg.c **** *
 241:Generated_Source\PSoC4/cyfitter_cfg.c **** *******************************************************************************/
 242:Generated_Source\PSoC4/cyfitter_cfg.c **** CY_CFG_SECTION
 243:Generated_Source\PSoC4/cyfitter_cfg.c **** void cyfitter_cfg(void)
 244:Generated_Source\PSoC4/cyfitter_cfg.c **** {
 243              		.loc 1 244 0
 244              		.cfi_startproc
 245              		@ args = 0, pretend = 0, frame = 8
 246              		@ frame_needed = 1, uses_anonymous_args = 0
 247 0074 80B5     		push	{r7, lr}
 248              		.cfi_def_cfa_offset 8
 249              		.cfi_offset 7, -8
 250              		.cfi_offset 14, -4
 251 0076 82B0     		sub	sp, sp, #8
 252              		.cfi_def_cfa_offset 16
 253 0078 00AF     		add	r7, sp, #0
 254              		.cfi_def_cfa_register 7
 245:Generated_Source\PSoC4/cyfitter_cfg.c **** 	/* Disable interrupts by default. Let user enable if/when they want. */
 246:Generated_Source\PSoC4/cyfitter_cfg.c **** 	CyGlobalIntDisable;
 255              		.loc 1 246 0
 256              		.syntax divided
 257              	@ 246 "Generated_Source\PSoC4\cyfitter_cfg.c" 1
 258 007a 72B6     		CPSID   i
 259              	@ 0 "" 2
 260              		.thumb
 261              		.syntax unified
 262              	.LBB2:
 247:Generated_Source\PSoC4/cyfitter_cfg.c **** 
 248:Generated_Source\PSoC4/cyfitter_cfg.c **** 	{
 249:Generated_Source\PSoC4/cyfitter_cfg.c **** 
 250:Generated_Source\PSoC4/cyfitter_cfg.c **** 		CYPACKED typedef struct {
 251:Generated_Source\PSoC4/cyfitter_cfg.c **** 			void CYFAR *address;
ARM GAS  C:\Users\jdrd3\AppData\Local\Temp\ccFmyDZM.s 			page 10


 252:Generated_Source\PSoC4/cyfitter_cfg.c **** 			uint16 size;
 253:Generated_Source\PSoC4/cyfitter_cfg.c **** 		} CYPACKED_ATTR cfg_memset_t;
 254:Generated_Source\PSoC4/cyfitter_cfg.c **** 
 255:Generated_Source\PSoC4/cyfitter_cfg.c **** 		static const cfg_memset_t CYCODE cfg_memset_list[] = {
 256:Generated_Source\PSoC4/cyfitter_cfg.c **** 			/* address, size */
 257:Generated_Source\PSoC4/cyfitter_cfg.c **** 			{(void CYFAR *)(CYDEV_UDB_P0_U0_BASE), 1024u},
 258:Generated_Source\PSoC4/cyfitter_cfg.c **** 			{(void CYFAR *)(CYDEV_UDB_DSI0_BASE), 1024u},
 259:Generated_Source\PSoC4/cyfitter_cfg.c **** 		};
 260:Generated_Source\PSoC4/cyfitter_cfg.c **** 
 261:Generated_Source\PSoC4/cyfitter_cfg.c **** 		uint8 CYDATA i;
 262:Generated_Source\PSoC4/cyfitter_cfg.c **** 
 263:Generated_Source\PSoC4/cyfitter_cfg.c **** 		/* Zero out critical memory blocks before beginning configuration */
 264:Generated_Source\PSoC4/cyfitter_cfg.c **** 		for (i = 0u; i < (sizeof(cfg_memset_list)/sizeof(cfg_memset_list[0])); i++)
 263              		.loc 1 264 0
 264 007c FB1D     		adds	r3, r7, #7
 265 007e 0022     		movs	r2, #0
 266 0080 1A70     		strb	r2, [r3]
 267 0082 22E0     		b	.L9
 268              	.L10:
 269              	.LBB3:
 265:Generated_Source\PSoC4/cyfitter_cfg.c **** 		{
 266:Generated_Source\PSoC4/cyfitter_cfg.c **** 			const cfg_memset_t CYCODE * CYDATA ms = &cfg_memset_list[i];
 270              		.loc 1 266 0 discriminator 3
 271 0084 FB1D     		adds	r3, r7, #7
 272 0086 1A78     		ldrb	r2, [r3]
 273 0088 1300     		movs	r3, r2
 274 008a 5B00     		lsls	r3, r3, #1
 275 008c 9B18     		adds	r3, r3, r2
 276 008e 5B00     		lsls	r3, r3, #1
 277 0090 254A     		ldr	r2, .L11
 278 0092 9B18     		adds	r3, r3, r2
 279 0094 3B60     		str	r3, [r7]
 267:Generated_Source\PSoC4/cyfitter_cfg.c **** 			CYMEMZERO(ms->address, (size_t)(uint32)(ms->size));
 280              		.loc 1 267 0 discriminator 3
 281 0096 3B68     		ldr	r3, [r7]
 282 0098 1A78     		ldrb	r2, [r3]
 283 009a 5978     		ldrb	r1, [r3, #1]
 284 009c 0902     		lsls	r1, r1, #8
 285 009e 0A43     		orrs	r2, r1
 286 00a0 9978     		ldrb	r1, [r3, #2]
 287 00a2 0904     		lsls	r1, r1, #16
 288 00a4 0A43     		orrs	r2, r1
 289 00a6 DB78     		ldrb	r3, [r3, #3]
 290 00a8 1B06     		lsls	r3, r3, #24
 291 00aa 1343     		orrs	r3, r2
 292 00ac 1800     		movs	r0, r3
 293 00ae 3B68     		ldr	r3, [r7]
 294 00b0 1A79     		ldrb	r2, [r3, #4]
 295 00b2 5B79     		ldrb	r3, [r3, #5]
 296 00b4 1B02     		lsls	r3, r3, #8
 297 00b6 1343     		orrs	r3, r2
 298 00b8 9BB2     		uxth	r3, r3
 299 00ba 1900     		movs	r1, r3
 300 00bc FFF7FEFF 		bl	CYMEMZERO
 301              	.LBE3:
 264:Generated_Source\PSoC4/cyfitter_cfg.c **** 		{
 302              		.loc 1 264 0 discriminator 3
ARM GAS  C:\Users\jdrd3\AppData\Local\Temp\ccFmyDZM.s 			page 11


 303 00c0 FB1D     		adds	r3, r7, #7
 304 00c2 1A78     		ldrb	r2, [r3]
 305 00c4 FB1D     		adds	r3, r7, #7
 306 00c6 0132     		adds	r2, r2, #1
 307 00c8 1A70     		strb	r2, [r3]
 308              	.L9:
 264:Generated_Source\PSoC4/cyfitter_cfg.c **** 		{
 309              		.loc 1 264 0 is_stmt 0 discriminator 1
 310 00ca FB1D     		adds	r3, r7, #7
 311 00cc 1B78     		ldrb	r3, [r3]
 312 00ce 012B     		cmp	r3, #1
 313 00d0 D8D9     		bls	.L10
 268:Generated_Source\PSoC4/cyfitter_cfg.c **** 		}
 269:Generated_Source\PSoC4/cyfitter_cfg.c **** 
 270:Generated_Source\PSoC4/cyfitter_cfg.c **** 		/* HSIOM Starting address: CYDEV_HSIOM_BASE */
 271:Generated_Source\PSoC4/cyfitter_cfg.c **** 		CY_SET_REG32((void *)(CYDEV_HSIOM_BASE), 0x00EE0000u);
 314              		.loc 1 271 0 is_stmt 1
 315 00d2 164B     		ldr	r3, .L11+4
 316 00d4 EE22     		movs	r2, #238
 317 00d6 1204     		lsls	r2, r2, #16
 318 00d8 1A60     		str	r2, [r3]
 272:Generated_Source\PSoC4/cyfitter_cfg.c **** 		CY_SET_REG32((void *)(CYREG_HSIOM_PORT_SEL3), 0x0000EE00u);
 319              		.loc 1 272 0
 320 00da 154B     		ldr	r3, .L11+8
 321 00dc EE22     		movs	r2, #238
 322 00de 1202     		lsls	r2, r2, #8
 323 00e0 1A60     		str	r2, [r3]
 273:Generated_Source\PSoC4/cyfitter_cfg.c **** 
 274:Generated_Source\PSoC4/cyfitter_cfg.c **** 		/* UDB_PA_0 Starting address: CYDEV_UDB_PA0_BASE */
 275:Generated_Source\PSoC4/cyfitter_cfg.c **** 		CY_SET_REG32((void *)(CYDEV_UDB_PA0_BASE), 0x00990000u);
 324              		.loc 1 275 0
 325 00e2 144B     		ldr	r3, .L11+12
 326 00e4 9922     		movs	r2, #153
 327 00e6 1204     		lsls	r2, r2, #16
 328 00e8 1A60     		str	r2, [r3]
 276:Generated_Source\PSoC4/cyfitter_cfg.c **** 
 277:Generated_Source\PSoC4/cyfitter_cfg.c **** 		/* UDB_PA_3 Starting address: CYDEV_UDB_PA3_BASE */
 278:Generated_Source\PSoC4/cyfitter_cfg.c **** 		CY_SET_REG32((void *)(CYDEV_UDB_PA3_BASE), 0x00990000u);
 329              		.loc 1 278 0
 330 00ea 134B     		ldr	r3, .L11+16
 331 00ec 9922     		movs	r2, #153
 332 00ee 1204     		lsls	r2, r2, #16
 333 00f0 1A60     		str	r2, [r3]
 279:Generated_Source\PSoC4/cyfitter_cfg.c **** 
 280:Generated_Source\PSoC4/cyfitter_cfg.c **** 		/* Enable digital routing */
 281:Generated_Source\PSoC4/cyfitter_cfg.c **** 		CY_SET_XTND_REG8((void *)CYREG_UDB_UDBIF_BANK_CTL, (uint8)(CY_GET_XTND_REG8((void *)CYREG_UDB_UDB
 334              		.loc 1 281 0
 335 00f2 124A     		ldr	r2, .L11+20
 336 00f4 114B     		ldr	r3, .L11+20
 337 00f6 1B78     		ldrb	r3, [r3]
 338 00f8 DBB2     		uxtb	r3, r3
 339 00fa 0621     		movs	r1, #6
 340 00fc 0B43     		orrs	r3, r1
 341 00fe DBB2     		uxtb	r3, r3
 342 0100 1370     		strb	r3, [r2]
 343              	.LBE2:
 282:Generated_Source\PSoC4/cyfitter_cfg.c **** 	}
ARM GAS  C:\Users\jdrd3\AppData\Local\Temp\ccFmyDZM.s 			page 12


 283:Generated_Source\PSoC4/cyfitter_cfg.c **** 
 284:Generated_Source\PSoC4/cyfitter_cfg.c **** 	/* Perform second pass device configuration. These items must be configured in specific order afte
 285:Generated_Source\PSoC4/cyfitter_cfg.c **** 	/* IOPINS0_0 Starting address: CYDEV_PRT0_BASE */
 286:Generated_Source\PSoC4/cyfitter_cfg.c **** 	CY_SET_REG32((void *)(CYDEV_PRT0_BASE), 0x00000030u);
 344              		.loc 1 286 0
 345 0102 0F4B     		ldr	r3, .L11+24
 346 0104 3022     		movs	r2, #48
 347 0106 1A60     		str	r2, [r3]
 287:Generated_Source\PSoC4/cyfitter_cfg.c **** 	CY_SET_REG32((void *)(CYREG_PRT0_PC), 0x00024000u);
 348              		.loc 1 287 0
 349 0108 0E4B     		ldr	r3, .L11+28
 350 010a 9022     		movs	r2, #144
 351 010c 9202     		lsls	r2, r2, #10
 352 010e 1A60     		str	r2, [r3]
 288:Generated_Source\PSoC4/cyfitter_cfg.c **** 
 289:Generated_Source\PSoC4/cyfitter_cfg.c **** 	/* IOPINS0_3 Starting address: CYDEV_PRT3_BASE */
 290:Generated_Source\PSoC4/cyfitter_cfg.c **** 	CY_SET_REG32((void *)(CYREG_PRT3_PC), 0x00000D80u);
 353              		.loc 1 290 0
 354 0110 0D4B     		ldr	r3, .L11+32
 355 0112 D822     		movs	r2, #216
 356 0114 1201     		lsls	r2, r2, #4
 357 0116 1A60     		str	r2, [r3]
 291:Generated_Source\PSoC4/cyfitter_cfg.c **** 
 292:Generated_Source\PSoC4/cyfitter_cfg.c **** 
 293:Generated_Source\PSoC4/cyfitter_cfg.c **** 	/* Setup clocks based on selections from Clock DWR */
 294:Generated_Source\PSoC4/cyfitter_cfg.c **** 	ClockSetup();
 358              		.loc 1 294 0
 359 0118 FFF772FF 		bl	ClockSetup
 295:Generated_Source\PSoC4/cyfitter_cfg.c **** 
 296:Generated_Source\PSoC4/cyfitter_cfg.c **** 	/* Perform basic analog initialization to defaults */
 297:Generated_Source\PSoC4/cyfitter_cfg.c **** 	AnalogSetDefault();
 360              		.loc 1 297 0
 361 011c FFF7FEFF 		bl	AnalogSetDefault
 298:Generated_Source\PSoC4/cyfitter_cfg.c **** 
 299:Generated_Source\PSoC4/cyfitter_cfg.c **** }
 362              		.loc 1 299 0
 363 0120 C046     		nop
 364 0122 BD46     		mov	sp, r7
 365 0124 02B0     		add	sp, sp, #8
 366              		@ sp needed
 367 0126 80BD     		pop	{r7, pc}
 368              	.L12:
 369              		.align	2
 370              	.L11:
 371 0128 00000000 		.word	cfg_memset_list.4810
 372 012c 00000140 		.word	1073807360
 373 0130 0C000140 		.word	1073807372
 374 0134 00500F40 		.word	1074745344
 375 0138 30500F40 		.word	1074745392
 376 013c 00700F40 		.word	1074753536
 377 0140 00000440 		.word	1074003968
 378 0144 08000440 		.word	1074003976
 379 0148 08030440 		.word	1074004744
 380              		.cfi_endproc
 381              	.LFE5:
 382              		.size	cyfitter_cfg, .-cyfitter_cfg
 383              		.section	.rodata
ARM GAS  C:\Users\jdrd3\AppData\Local\Temp\ccFmyDZM.s 			page 13


 384              		.align	2
 385              		.type	cfg_memset_list.4810, %object
 386              		.size	cfg_memset_list.4810, 12
 387              	cfg_memset_list.4810:
 388 0000 00300F40 		.word	1074737152
 389 0004 0004     		.short	1024
 390 0006 00400F40 		.4byte	1074741248
 391 000a 0004     		.short	1024
 392              		.text
 393              	.Letext0:
 394              		.file 2 "c:\\program files (x86)\\cypress\\psoc creator\\4.2\\psoc creator\\import\\gnu\\arm\\5.4.
 395              		.file 3 "Generated_Source\\PSoC4\\cytypes.h"
 396              		.section	.debug_info,"",%progbits
 397              	.Ldebug_info0:
 398 0000 4C020000 		.4byte	0x24c
 399 0004 0400     		.2byte	0x4
 400 0006 00000000 		.4byte	.Ldebug_abbrev0
 401 000a 04       		.byte	0x4
 402 000b 01       		.uleb128 0x1
 403 000c 83000000 		.4byte	.LASF30
 404 0010 0C       		.byte	0xc
 405 0011 FF010000 		.4byte	.LASF31
 406 0015 91010000 		.4byte	.LASF32
 407 0019 00000000 		.4byte	.Ldebug_ranges0+0
 408 001d 00000000 		.4byte	0
 409 0021 00000000 		.4byte	.Ldebug_line0
 410 0025 02       		.uleb128 0x2
 411 0026 04       		.byte	0x4
 412 0027 05       		.byte	0x5
 413 0028 696E7400 		.ascii	"int\000"
 414 002c 03       		.uleb128 0x3
 415 002d 06000000 		.4byte	.LASF12
 416 0031 02       		.byte	0x2
 417 0032 D8       		.byte	0xd8
 418 0033 37000000 		.4byte	0x37
 419 0037 04       		.uleb128 0x4
 420 0038 04       		.byte	0x4
 421 0039 07       		.byte	0x7
 422 003a 41010000 		.4byte	.LASF0
 423 003e 04       		.uleb128 0x4
 424 003f 08       		.byte	0x8
 425 0040 05       		.byte	0x5
 426 0041 83010000 		.4byte	.LASF1
 427 0045 04       		.uleb128 0x4
 428 0046 08       		.byte	0x8
 429 0047 04       		.byte	0x4
 430 0048 E7010000 		.4byte	.LASF2
 431 004c 04       		.uleb128 0x4
 432 004d 01       		.byte	0x1
 433 004e 06       		.byte	0x6
 434 004f F3010000 		.4byte	.LASF3
 435 0053 04       		.uleb128 0x4
 436 0054 01       		.byte	0x1
 437 0055 08       		.byte	0x8
 438 0056 11010000 		.4byte	.LASF4
 439 005a 04       		.uleb128 0x4
 440 005b 02       		.byte	0x2
ARM GAS  C:\Users\jdrd3\AppData\Local\Temp\ccFmyDZM.s 			page 14


 441 005c 05       		.byte	0x5
 442 005d D4010000 		.4byte	.LASF5
 443 0061 04       		.uleb128 0x4
 444 0062 02       		.byte	0x2
 445 0063 07       		.byte	0x7
 446 0064 39000000 		.4byte	.LASF6
 447 0068 04       		.uleb128 0x4
 448 0069 04       		.byte	0x4
 449 006a 05       		.byte	0x5
 450 006b DE010000 		.4byte	.LASF7
 451 006f 04       		.uleb128 0x4
 452 0070 04       		.byte	0x4
 453 0071 07       		.byte	0x7
 454 0072 61000000 		.4byte	.LASF8
 455 0076 04       		.uleb128 0x4
 456 0077 08       		.byte	0x8
 457 0078 07       		.byte	0x7
 458 0079 56010000 		.4byte	.LASF9
 459 007d 04       		.uleb128 0x4
 460 007e 04       		.byte	0x4
 461 007f 07       		.byte	0x7
 462 0080 7A010000 		.4byte	.LASF10
 463 0084 05       		.uleb128 0x5
 464 0085 04       		.byte	0x4
 465 0086 04       		.uleb128 0x4
 466 0087 01       		.byte	0x1
 467 0088 08       		.byte	0x8
 468 0089 CF010000 		.4byte	.LASF11
 469 008d 03       		.uleb128 0x3
 470 008e 73000000 		.4byte	.LASF13
 471 0092 03       		.byte	0x3
 472 0093 A1       		.byte	0xa1
 473 0094 53000000 		.4byte	0x53
 474 0098 03       		.uleb128 0x3
 475 0099 33010000 		.4byte	.LASF14
 476 009d 03       		.byte	0x3
 477 009e A2       		.byte	0xa2
 478 009f 61000000 		.4byte	0x61
 479 00a3 03       		.uleb128 0x3
 480 00a4 3A010000 		.4byte	.LASF15
 481 00a8 03       		.byte	0x3
 482 00a9 A3       		.byte	0xa3
 483 00aa 6F000000 		.4byte	0x6f
 484 00ae 04       		.uleb128 0x4
 485 00af 04       		.byte	0x4
 486 00b0 04       		.byte	0x4
 487 00b1 4C000000 		.4byte	.LASF16
 488 00b5 04       		.uleb128 0x4
 489 00b6 08       		.byte	0x8
 490 00b7 04       		.byte	0x4
 491 00b8 1F010000 		.4byte	.LASF17
 492 00bc 06       		.uleb128 0x6
 493 00bd 5C000000 		.4byte	.LASF18
 494 00c1 03       		.byte	0x3
 495 00c2 4B01     		.2byte	0x14b
 496 00c4 C8000000 		.4byte	0xc8
 497 00c8 07       		.uleb128 0x7
ARM GAS  C:\Users\jdrd3\AppData\Local\Temp\ccFmyDZM.s 			page 15


 498 00c9 8D000000 		.4byte	0x8d
 499 00cd 06       		.uleb128 0x6
 500 00ce 00000000 		.4byte	.LASF19
 501 00d2 03       		.byte	0x3
 502 00d3 4D01     		.2byte	0x14d
 503 00d5 D9000000 		.4byte	0xd9
 504 00d9 07       		.uleb128 0x7
 505 00da A3000000 		.4byte	0xa3
 506 00de 08       		.uleb128 0x8
 507 00df 79000000 		.4byte	.LASF20
 508 00e3 01       		.byte	0x1
 509 00e4 4A       		.byte	0x4a
 510 00e5 00000000 		.4byte	.LFB0
 511 00e9 1E000000 		.4byte	.LFE0-.LFB0
 512 00ed 01       		.uleb128 0x1
 513 00ee 9C       		.byte	0x9c
 514 00ef 0C010000 		.4byte	0x10c
 515 00f3 09       		.uleb128 0x9
 516 00f4 7300     		.ascii	"s\000"
 517 00f6 01       		.byte	0x1
 518 00f7 4A       		.byte	0x4a
 519 00f8 84000000 		.4byte	0x84
 520 00fc 02       		.uleb128 0x2
 521 00fd 91       		.byte	0x91
 522 00fe 74       		.sleb128 -12
 523 00ff 09       		.uleb128 0x9
 524 0100 6E00     		.ascii	"n\000"
 525 0102 01       		.byte	0x1
 526 0103 4A       		.byte	0x4a
 527 0104 2C000000 		.4byte	0x2c
 528 0108 02       		.uleb128 0x2
 529 0109 91       		.byte	0x91
 530 010a 70       		.sleb128 -16
 531 010b 00       		.byte	0
 532 010c 08       		.uleb128 0x8
 533 010d 35020000 		.4byte	.LASF21
 534 0111 01       		.byte	0x1
 535 0112 51       		.byte	0x51
 536 0113 00000000 		.4byte	.LFB1
 537 0117 20000000 		.4byte	.LFE1-.LFB1
 538 011b 01       		.uleb128 0x1
 539 011c 9C       		.byte	0x9c
 540 011d 4A010000 		.4byte	0x14a
 541 0121 0A       		.uleb128 0xa
 542 0122 52000000 		.4byte	.LASF22
 543 0126 01       		.byte	0x1
 544 0127 51       		.byte	0x51
 545 0128 84000000 		.4byte	0x84
 546 012c 02       		.uleb128 0x2
 547 012d 91       		.byte	0x91
 548 012e 74       		.sleb128 -12
 549 012f 09       		.uleb128 0x9
 550 0130 73726300 		.ascii	"src\000"
 551 0134 01       		.byte	0x1
 552 0135 51       		.byte	0x51
 553 0136 4A010000 		.4byte	0x14a
 554 013a 02       		.uleb128 0x2
ARM GAS  C:\Users\jdrd3\AppData\Local\Temp\ccFmyDZM.s 			page 16


 555 013b 91       		.byte	0x91
 556 013c 70       		.sleb128 -16
 557 013d 09       		.uleb128 0x9
 558 013e 6E00     		.ascii	"n\000"
 559 0140 01       		.byte	0x1
 560 0141 51       		.byte	0x51
 561 0142 2C000000 		.4byte	0x2c
 562 0146 02       		.uleb128 0x2
 563 0147 91       		.byte	0x91
 564 0148 6C       		.sleb128 -20
 565 0149 00       		.byte	0
 566 014a 0B       		.uleb128 0xb
 567 014b 04       		.byte	0x4
 568 014c 50010000 		.4byte	0x150
 569 0150 0C       		.uleb128 0xc
 570 0151 08       		.uleb128 0x8
 571 0152 25020000 		.4byte	.LASF23
 572 0156 01       		.byte	0x1
 573 0157 58       		.byte	0x58
 574 0158 00000000 		.4byte	.LFB2
 575 015c 20000000 		.4byte	.LFE2-.LFB2
 576 0160 01       		.uleb128 0x1
 577 0161 9C       		.byte	0x9c
 578 0162 8F010000 		.4byte	0x18f
 579 0166 0A       		.uleb128 0xa
 580 0167 52000000 		.4byte	.LASF22
 581 016b 01       		.byte	0x1
 582 016c 58       		.byte	0x58
 583 016d 84000000 		.4byte	0x84
 584 0171 02       		.uleb128 0x2
 585 0172 91       		.byte	0x91
 586 0173 74       		.sleb128 -12
 587 0174 09       		.uleb128 0x9
 588 0175 73726300 		.ascii	"src\000"
 589 0179 01       		.byte	0x1
 590 017a 58       		.byte	0x58
 591 017b 4A010000 		.4byte	0x14a
 592 017f 02       		.uleb128 0x2
 593 0180 91       		.byte	0x91
 594 0181 70       		.sleb128 -16
 595 0182 09       		.uleb128 0x9
 596 0183 6E00     		.ascii	"n\000"
 597 0185 01       		.byte	0x1
 598 0186 58       		.byte	0x58
 599 0187 2C000000 		.4byte	0x2c
 600 018b 02       		.uleb128 0x2
 601 018c 91       		.byte	0x91
 602 018d 6C       		.sleb128 -20
 603 018e 00       		.byte	0
 604 018f 0D       		.uleb128 0xd
 605 0190 2E000000 		.4byte	.LASF24
 606 0194 01       		.byte	0x1
 607 0195 AA       		.byte	0xaa
 608 0196 00000000 		.4byte	.LFB3
 609 019a 74000000 		.4byte	.LFE3-.LFB3
 610 019e 01       		.uleb128 0x1
 611 019f 9C       		.byte	0x9c
ARM GAS  C:\Users\jdrd3\AppData\Local\Temp\ccFmyDZM.s 			page 17


 612 01a0 0E       		.uleb128 0xe
 613 01a1 0D000000 		.4byte	.LASF25
 614 01a5 01       		.byte	0x1
 615 01a6 DB       		.byte	0xdb
 616 01a7 00000000 		.4byte	.LFB4
 617 01ab 0A000000 		.4byte	.LFE4-.LFB4
 618 01af 01       		.uleb128 0x1
 619 01b0 9C       		.byte	0x9c
 620 01b1 0F       		.uleb128 0xf
 621 01b2 26010000 		.4byte	.LASF33
 622 01b6 01       		.byte	0x1
 623 01b7 F3       		.byte	0xf3
 624 01b8 74000000 		.4byte	.LFB5
 625 01bc D8000000 		.4byte	.LFE5-.LFB5
 626 01c0 01       		.uleb128 0x1
 627 01c1 9C       		.byte	0x9c
 628 01c2 10       		.uleb128 0x10
 629 01c3 7C000000 		.4byte	.LBB2
 630 01c7 86000000 		.4byte	.LBE2-.LBB2
 631 01cb 11       		.uleb128 0x11
 632 01cc 06       		.byte	0x6
 633 01cd 01       		.byte	0x1
 634 01ce FA       		.byte	0xfa
 635 01cf EC010000 		.4byte	0x1ec
 636 01d3 12       		.uleb128 0x12
 637 01d4 4E010000 		.4byte	.LASF26
 638 01d8 01       		.byte	0x1
 639 01d9 FB       		.byte	0xfb
 640 01da 84000000 		.4byte	0x84
 641 01de 00       		.byte	0
 642 01df 12       		.uleb128 0x12
 643 01e0 57000000 		.4byte	.LASF27
 644 01e4 01       		.byte	0x1
 645 01e5 FC       		.byte	0xfc
 646 01e6 98000000 		.4byte	0x98
 647 01ea 04       		.byte	0x4
 648 01eb 00       		.byte	0
 649 01ec 03       		.uleb128 0x3
 650 01ed 6D010000 		.4byte	.LASF28
 651 01f1 01       		.byte	0x1
 652 01f2 FD       		.byte	0xfd
 653 01f3 CB010000 		.4byte	0x1cb
 654 01f7 13       		.uleb128 0x13
 655 01f8 07020000 		.4byte	0x207
 656 01fc 07020000 		.4byte	0x207
 657 0200 14       		.uleb128 0x14
 658 0201 7D000000 		.4byte	0x7d
 659 0205 01       		.byte	0x1
 660 0206 00       		.byte	0
 661 0207 15       		.uleb128 0x15
 662 0208 EC010000 		.4byte	0x1ec
 663 020c 16       		.uleb128 0x16
 664 020d 1E000000 		.4byte	.LASF29
 665 0211 01       		.byte	0x1
 666 0212 FF       		.byte	0xff
 667 0213 1D020000 		.4byte	0x21d
 668 0217 05       		.uleb128 0x5
ARM GAS  C:\Users\jdrd3\AppData\Local\Temp\ccFmyDZM.s 			page 18


 669 0218 03       		.byte	0x3
 670 0219 00000000 		.4byte	cfg_memset_list.4810
 671 021d 15       		.uleb128 0x15
 672 021e F7010000 		.4byte	0x1f7
 673 0222 17       		.uleb128 0x17
 674 0223 6900     		.ascii	"i\000"
 675 0225 01       		.byte	0x1
 676 0226 0501     		.2byte	0x105
 677 0228 8D000000 		.4byte	0x8d
 678 022c 02       		.uleb128 0x2
 679 022d 91       		.byte	0x91
 680 022e 77       		.sleb128 -9
 681 022f 10       		.uleb128 0x10
 682 0230 84000000 		.4byte	.LBB3
 683 0234 3C000000 		.4byte	.LBE3-.LBB3
 684 0238 17       		.uleb128 0x17
 685 0239 6D7300   		.ascii	"ms\000"
 686 023c 01       		.byte	0x1
 687 023d 0A01     		.2byte	0x10a
 688 023f 46020000 		.4byte	0x246
 689 0243 02       		.uleb128 0x2
 690 0244 91       		.byte	0x91
 691 0245 70       		.sleb128 -16
 692 0246 0B       		.uleb128 0xb
 693 0247 04       		.byte	0x4
 694 0248 07020000 		.4byte	0x207
 695 024c 00       		.byte	0
 696 024d 00       		.byte	0
 697 024e 00       		.byte	0
 698 024f 00       		.byte	0
 699              		.section	.debug_abbrev,"",%progbits
 700              	.Ldebug_abbrev0:
 701 0000 01       		.uleb128 0x1
 702 0001 11       		.uleb128 0x11
 703 0002 01       		.byte	0x1
 704 0003 25       		.uleb128 0x25
 705 0004 0E       		.uleb128 0xe
 706 0005 13       		.uleb128 0x13
 707 0006 0B       		.uleb128 0xb
 708 0007 03       		.uleb128 0x3
 709 0008 0E       		.uleb128 0xe
 710 0009 1B       		.uleb128 0x1b
 711 000a 0E       		.uleb128 0xe
 712 000b 55       		.uleb128 0x55
 713 000c 17       		.uleb128 0x17
 714 000d 11       		.uleb128 0x11
 715 000e 01       		.uleb128 0x1
 716 000f 10       		.uleb128 0x10
 717 0010 17       		.uleb128 0x17
 718 0011 00       		.byte	0
 719 0012 00       		.byte	0
 720 0013 02       		.uleb128 0x2
 721 0014 24       		.uleb128 0x24
 722 0015 00       		.byte	0
 723 0016 0B       		.uleb128 0xb
 724 0017 0B       		.uleb128 0xb
 725 0018 3E       		.uleb128 0x3e
ARM GAS  C:\Users\jdrd3\AppData\Local\Temp\ccFmyDZM.s 			page 19


 726 0019 0B       		.uleb128 0xb
 727 001a 03       		.uleb128 0x3
 728 001b 08       		.uleb128 0x8
 729 001c 00       		.byte	0
 730 001d 00       		.byte	0
 731 001e 03       		.uleb128 0x3
 732 001f 16       		.uleb128 0x16
 733 0020 00       		.byte	0
 734 0021 03       		.uleb128 0x3
 735 0022 0E       		.uleb128 0xe
 736 0023 3A       		.uleb128 0x3a
 737 0024 0B       		.uleb128 0xb
 738 0025 3B       		.uleb128 0x3b
 739 0026 0B       		.uleb128 0xb
 740 0027 49       		.uleb128 0x49
 741 0028 13       		.uleb128 0x13
 742 0029 00       		.byte	0
 743 002a 00       		.byte	0
 744 002b 04       		.uleb128 0x4
 745 002c 24       		.uleb128 0x24
 746 002d 00       		.byte	0
 747 002e 0B       		.uleb128 0xb
 748 002f 0B       		.uleb128 0xb
 749 0030 3E       		.uleb128 0x3e
 750 0031 0B       		.uleb128 0xb
 751 0032 03       		.uleb128 0x3
 752 0033 0E       		.uleb128 0xe
 753 0034 00       		.byte	0
 754 0035 00       		.byte	0
 755 0036 05       		.uleb128 0x5
 756 0037 0F       		.uleb128 0xf
 757 0038 00       		.byte	0
 758 0039 0B       		.uleb128 0xb
 759 003a 0B       		.uleb128 0xb
 760 003b 00       		.byte	0
 761 003c 00       		.byte	0
 762 003d 06       		.uleb128 0x6
 763 003e 16       		.uleb128 0x16
 764 003f 00       		.byte	0
 765 0040 03       		.uleb128 0x3
 766 0041 0E       		.uleb128 0xe
 767 0042 3A       		.uleb128 0x3a
 768 0043 0B       		.uleb128 0xb
 769 0044 3B       		.uleb128 0x3b
 770 0045 05       		.uleb128 0x5
 771 0046 49       		.uleb128 0x49
 772 0047 13       		.uleb128 0x13
 773 0048 00       		.byte	0
 774 0049 00       		.byte	0
 775 004a 07       		.uleb128 0x7
 776 004b 35       		.uleb128 0x35
 777 004c 00       		.byte	0
 778 004d 49       		.uleb128 0x49
 779 004e 13       		.uleb128 0x13
 780 004f 00       		.byte	0
 781 0050 00       		.byte	0
 782 0051 08       		.uleb128 0x8
ARM GAS  C:\Users\jdrd3\AppData\Local\Temp\ccFmyDZM.s 			page 20


 783 0052 2E       		.uleb128 0x2e
 784 0053 01       		.byte	0x1
 785 0054 03       		.uleb128 0x3
 786 0055 0E       		.uleb128 0xe
 787 0056 3A       		.uleb128 0x3a
 788 0057 0B       		.uleb128 0xb
 789 0058 3B       		.uleb128 0x3b
 790 0059 0B       		.uleb128 0xb
 791 005a 27       		.uleb128 0x27
 792 005b 19       		.uleb128 0x19
 793 005c 11       		.uleb128 0x11
 794 005d 01       		.uleb128 0x1
 795 005e 12       		.uleb128 0x12
 796 005f 06       		.uleb128 0x6
 797 0060 40       		.uleb128 0x40
 798 0061 18       		.uleb128 0x18
 799 0062 9642     		.uleb128 0x2116
 800 0064 19       		.uleb128 0x19
 801 0065 01       		.uleb128 0x1
 802 0066 13       		.uleb128 0x13
 803 0067 00       		.byte	0
 804 0068 00       		.byte	0
 805 0069 09       		.uleb128 0x9
 806 006a 05       		.uleb128 0x5
 807 006b 00       		.byte	0
 808 006c 03       		.uleb128 0x3
 809 006d 08       		.uleb128 0x8
 810 006e 3A       		.uleb128 0x3a
 811 006f 0B       		.uleb128 0xb
 812 0070 3B       		.uleb128 0x3b
 813 0071 0B       		.uleb128 0xb
 814 0072 49       		.uleb128 0x49
 815 0073 13       		.uleb128 0x13
 816 0074 02       		.uleb128 0x2
 817 0075 18       		.uleb128 0x18
 818 0076 00       		.byte	0
 819 0077 00       		.byte	0
 820 0078 0A       		.uleb128 0xa
 821 0079 05       		.uleb128 0x5
 822 007a 00       		.byte	0
 823 007b 03       		.uleb128 0x3
 824 007c 0E       		.uleb128 0xe
 825 007d 3A       		.uleb128 0x3a
 826 007e 0B       		.uleb128 0xb
 827 007f 3B       		.uleb128 0x3b
 828 0080 0B       		.uleb128 0xb
 829 0081 49       		.uleb128 0x49
 830 0082 13       		.uleb128 0x13
 831 0083 02       		.uleb128 0x2
 832 0084 18       		.uleb128 0x18
 833 0085 00       		.byte	0
 834 0086 00       		.byte	0
 835 0087 0B       		.uleb128 0xb
 836 0088 0F       		.uleb128 0xf
 837 0089 00       		.byte	0
 838 008a 0B       		.uleb128 0xb
 839 008b 0B       		.uleb128 0xb
ARM GAS  C:\Users\jdrd3\AppData\Local\Temp\ccFmyDZM.s 			page 21


 840 008c 49       		.uleb128 0x49
 841 008d 13       		.uleb128 0x13
 842 008e 00       		.byte	0
 843 008f 00       		.byte	0
 844 0090 0C       		.uleb128 0xc
 845 0091 26       		.uleb128 0x26
 846 0092 00       		.byte	0
 847 0093 00       		.byte	0
 848 0094 00       		.byte	0
 849 0095 0D       		.uleb128 0xd
 850 0096 2E       		.uleb128 0x2e
 851 0097 00       		.byte	0
 852 0098 03       		.uleb128 0x3
 853 0099 0E       		.uleb128 0xe
 854 009a 3A       		.uleb128 0x3a
 855 009b 0B       		.uleb128 0xb
 856 009c 3B       		.uleb128 0x3b
 857 009d 0B       		.uleb128 0xb
 858 009e 27       		.uleb128 0x27
 859 009f 19       		.uleb128 0x19
 860 00a0 11       		.uleb128 0x11
 861 00a1 01       		.uleb128 0x1
 862 00a2 12       		.uleb128 0x12
 863 00a3 06       		.uleb128 0x6
 864 00a4 40       		.uleb128 0x40
 865 00a5 18       		.uleb128 0x18
 866 00a6 9642     		.uleb128 0x2116
 867 00a8 19       		.uleb128 0x19
 868 00a9 00       		.byte	0
 869 00aa 00       		.byte	0
 870 00ab 0E       		.uleb128 0xe
 871 00ac 2E       		.uleb128 0x2e
 872 00ad 00       		.byte	0
 873 00ae 03       		.uleb128 0x3
 874 00af 0E       		.uleb128 0xe
 875 00b0 3A       		.uleb128 0x3a
 876 00b1 0B       		.uleb128 0xb
 877 00b2 3B       		.uleb128 0x3b
 878 00b3 0B       		.uleb128 0xb
 879 00b4 27       		.uleb128 0x27
 880 00b5 19       		.uleb128 0x19
 881 00b6 11       		.uleb128 0x11
 882 00b7 01       		.uleb128 0x1
 883 00b8 12       		.uleb128 0x12
 884 00b9 06       		.uleb128 0x6
 885 00ba 40       		.uleb128 0x40
 886 00bb 18       		.uleb128 0x18
 887 00bc 9742     		.uleb128 0x2117
 888 00be 19       		.uleb128 0x19
 889 00bf 00       		.byte	0
 890 00c0 00       		.byte	0
 891 00c1 0F       		.uleb128 0xf
 892 00c2 2E       		.uleb128 0x2e
 893 00c3 01       		.byte	0x1
 894 00c4 3F       		.uleb128 0x3f
 895 00c5 19       		.uleb128 0x19
 896 00c6 03       		.uleb128 0x3
ARM GAS  C:\Users\jdrd3\AppData\Local\Temp\ccFmyDZM.s 			page 22


 897 00c7 0E       		.uleb128 0xe
 898 00c8 3A       		.uleb128 0x3a
 899 00c9 0B       		.uleb128 0xb
 900 00ca 3B       		.uleb128 0x3b
 901 00cb 0B       		.uleb128 0xb
 902 00cc 27       		.uleb128 0x27
 903 00cd 19       		.uleb128 0x19
 904 00ce 11       		.uleb128 0x11
 905 00cf 01       		.uleb128 0x1
 906 00d0 12       		.uleb128 0x12
 907 00d1 06       		.uleb128 0x6
 908 00d2 40       		.uleb128 0x40
 909 00d3 18       		.uleb128 0x18
 910 00d4 9642     		.uleb128 0x2116
 911 00d6 19       		.uleb128 0x19
 912 00d7 00       		.byte	0
 913 00d8 00       		.byte	0
 914 00d9 10       		.uleb128 0x10
 915 00da 0B       		.uleb128 0xb
 916 00db 01       		.byte	0x1
 917 00dc 11       		.uleb128 0x11
 918 00dd 01       		.uleb128 0x1
 919 00de 12       		.uleb128 0x12
 920 00df 06       		.uleb128 0x6
 921 00e0 00       		.byte	0
 922 00e1 00       		.byte	0
 923 00e2 11       		.uleb128 0x11
 924 00e3 13       		.uleb128 0x13
 925 00e4 01       		.byte	0x1
 926 00e5 0B       		.uleb128 0xb
 927 00e6 0B       		.uleb128 0xb
 928 00e7 3A       		.uleb128 0x3a
 929 00e8 0B       		.uleb128 0xb
 930 00e9 3B       		.uleb128 0x3b
 931 00ea 0B       		.uleb128 0xb
 932 00eb 01       		.uleb128 0x1
 933 00ec 13       		.uleb128 0x13
 934 00ed 00       		.byte	0
 935 00ee 00       		.byte	0
 936 00ef 12       		.uleb128 0x12
 937 00f0 0D       		.uleb128 0xd
 938 00f1 00       		.byte	0
 939 00f2 03       		.uleb128 0x3
 940 00f3 0E       		.uleb128 0xe
 941 00f4 3A       		.uleb128 0x3a
 942 00f5 0B       		.uleb128 0xb
 943 00f6 3B       		.uleb128 0x3b
 944 00f7 0B       		.uleb128 0xb
 945 00f8 49       		.uleb128 0x49
 946 00f9 13       		.uleb128 0x13
 947 00fa 38       		.uleb128 0x38
 948 00fb 0B       		.uleb128 0xb
 949 00fc 00       		.byte	0
 950 00fd 00       		.byte	0
 951 00fe 13       		.uleb128 0x13
 952 00ff 01       		.uleb128 0x1
 953 0100 01       		.byte	0x1
ARM GAS  C:\Users\jdrd3\AppData\Local\Temp\ccFmyDZM.s 			page 23


 954 0101 49       		.uleb128 0x49
 955 0102 13       		.uleb128 0x13
 956 0103 01       		.uleb128 0x1
 957 0104 13       		.uleb128 0x13
 958 0105 00       		.byte	0
 959 0106 00       		.byte	0
 960 0107 14       		.uleb128 0x14
 961 0108 21       		.uleb128 0x21
 962 0109 00       		.byte	0
 963 010a 49       		.uleb128 0x49
 964 010b 13       		.uleb128 0x13
 965 010c 2F       		.uleb128 0x2f
 966 010d 0B       		.uleb128 0xb
 967 010e 00       		.byte	0
 968 010f 00       		.byte	0
 969 0110 15       		.uleb128 0x15
 970 0111 26       		.uleb128 0x26
 971 0112 00       		.byte	0
 972 0113 49       		.uleb128 0x49
 973 0114 13       		.uleb128 0x13
 974 0115 00       		.byte	0
 975 0116 00       		.byte	0
 976 0117 16       		.uleb128 0x16
 977 0118 34       		.uleb128 0x34
 978 0119 00       		.byte	0
 979 011a 03       		.uleb128 0x3
 980 011b 0E       		.uleb128 0xe
 981 011c 3A       		.uleb128 0x3a
 982 011d 0B       		.uleb128 0xb
 983 011e 3B       		.uleb128 0x3b
 984 011f 0B       		.uleb128 0xb
 985 0120 49       		.uleb128 0x49
 986 0121 13       		.uleb128 0x13
 987 0122 02       		.uleb128 0x2
 988 0123 18       		.uleb128 0x18
 989 0124 00       		.byte	0
 990 0125 00       		.byte	0
 991 0126 17       		.uleb128 0x17
 992 0127 34       		.uleb128 0x34
 993 0128 00       		.byte	0
 994 0129 03       		.uleb128 0x3
 995 012a 08       		.uleb128 0x8
 996 012b 3A       		.uleb128 0x3a
 997 012c 0B       		.uleb128 0xb
 998 012d 3B       		.uleb128 0x3b
 999 012e 05       		.uleb128 0x5
 1000 012f 49       		.uleb128 0x49
 1001 0130 13       		.uleb128 0x13
 1002 0131 02       		.uleb128 0x2
 1003 0132 18       		.uleb128 0x18
 1004 0133 00       		.byte	0
 1005 0134 00       		.byte	0
 1006 0135 00       		.byte	0
 1007              		.section	.debug_aranges,"",%progbits
 1008 0000 44000000 		.4byte	0x44
 1009 0004 0200     		.2byte	0x2
 1010 0006 00000000 		.4byte	.Ldebug_info0
ARM GAS  C:\Users\jdrd3\AppData\Local\Temp\ccFmyDZM.s 			page 24


 1011 000a 04       		.byte	0x4
 1012 000b 00       		.byte	0
 1013 000c 0000     		.2byte	0
 1014 000e 0000     		.2byte	0
 1015 0010 00000000 		.4byte	.LFB0
 1016 0014 1E000000 		.4byte	.LFE0-.LFB0
 1017 0018 00000000 		.4byte	.LFB1
 1018 001c 20000000 		.4byte	.LFE1-.LFB1
 1019 0020 00000000 		.4byte	.LFB2
 1020 0024 20000000 		.4byte	.LFE2-.LFB2
 1021 0028 00000000 		.4byte	.LFB3
 1022 002c 74000000 		.4byte	.LFE3-.LFB3
 1023 0030 00000000 		.4byte	.LFB4
 1024 0034 0A000000 		.4byte	.LFE4-.LFB4
 1025 0038 74000000 		.4byte	.LFB5
 1026 003c D8000000 		.4byte	.LFE5-.LFB5
 1027 0040 00000000 		.4byte	0
 1028 0044 00000000 		.4byte	0
 1029              		.section	.debug_ranges,"",%progbits
 1030              	.Ldebug_ranges0:
 1031 0000 00000000 		.4byte	.LFB0
 1032 0004 1E000000 		.4byte	.LFE0
 1033 0008 00000000 		.4byte	.LFB1
 1034 000c 20000000 		.4byte	.LFE1
 1035 0010 00000000 		.4byte	.LFB2
 1036 0014 20000000 		.4byte	.LFE2
 1037 0018 00000000 		.4byte	.LFB3
 1038 001c 74000000 		.4byte	.LFE3
 1039 0020 00000000 		.4byte	.LFB4
 1040 0024 0A000000 		.4byte	.LFE4
 1041 0028 74000000 		.4byte	.LFB5
 1042 002c 4C010000 		.4byte	.LFE5
 1043 0030 00000000 		.4byte	0
 1044 0034 00000000 		.4byte	0
 1045              		.section	.debug_line,"",%progbits
 1046              	.Ldebug_line0:
 1047 0000 5C010000 		.section	.debug_str,"MS",%progbits,1
 1047      0200CB00 
 1047      00000201 
 1047      FB0E0D00 
 1047      01010101 
 1048              	.LASF19:
 1049 0000 72656733 		.ascii	"reg32\000"
 1049      3200
 1050              	.LASF12:
 1051 0006 73697A65 		.ascii	"size_t\000"
 1051      5F7400
 1052              	.LASF25:
 1053 000d 416E616C 		.ascii	"AnalogSetDefault\000"
 1053      6F675365 
 1053      74446566 
 1053      61756C74 
 1053      00
 1054              	.LASF29:
 1055 001e 6366675F 		.ascii	"cfg_memset_list\000"
 1055      6D656D73 
 1055      65745F6C 
ARM GAS  C:\Users\jdrd3\AppData\Local\Temp\ccFmyDZM.s 			page 25


 1055      69737400 
 1056              	.LASF24:
 1057 002e 436C6F63 		.ascii	"ClockSetup\000"
 1057      6B536574 
 1057      757000
 1058              	.LASF6:
 1059 0039 73686F72 		.ascii	"short unsigned int\000"
 1059      7420756E 
 1059      7369676E 
 1059      65642069 
 1059      6E7400
 1060              	.LASF16:
 1061 004c 666C6F61 		.ascii	"float\000"
 1061      7400
 1062              	.LASF22:
 1063 0052 64657374 		.ascii	"dest\000"
 1063      00
 1064              	.LASF27:
 1065 0057 73697A65 		.ascii	"size\000"
 1065      00
 1066              	.LASF18:
 1067 005c 72656738 		.ascii	"reg8\000"
 1067      00
 1068              	.LASF8:
 1069 0061 6C6F6E67 		.ascii	"long unsigned int\000"
 1069      20756E73 
 1069      69676E65 
 1069      6420696E 
 1069      7400
 1070              	.LASF13:
 1071 0073 75696E74 		.ascii	"uint8\000"
 1071      3800
 1072              	.LASF20:
 1073 0079 43594D45 		.ascii	"CYMEMZERO\000"
 1073      4D5A4552 
 1073      4F00
 1074              	.LASF30:
 1075 0083 474E5520 		.ascii	"GNU C11 5.4.1 20160609 (release) [ARM/embedded-5-br"
 1075      43313120 
 1075      352E342E 
 1075      31203230 
 1075      31363036 
 1076 00b6 616E6368 		.ascii	"anch revision 237715] -mcpu=cortex-m0 -mthumb -g -O"
 1076      20726576 
 1076      6973696F 
 1076      6E203233 
 1076      37373135 
 1077 00e9 30202D66 		.ascii	"0 -ffunction-sections -ffat-lto-objects\000"
 1077      66756E63 
 1077      74696F6E 
 1077      2D736563 
 1077      74696F6E 
 1078              	.LASF4:
 1079 0111 756E7369 		.ascii	"unsigned char\000"
 1079      676E6564 
 1079      20636861 
 1079      7200
ARM GAS  C:\Users\jdrd3\AppData\Local\Temp\ccFmyDZM.s 			page 26


 1080              	.LASF17:
 1081 011f 646F7562 		.ascii	"double\000"
 1081      6C6500
 1082              	.LASF33:
 1083 0126 63796669 		.ascii	"cyfitter_cfg\000"
 1083      74746572 
 1083      5F636667 
 1083      00
 1084              	.LASF14:
 1085 0133 75696E74 		.ascii	"uint16\000"
 1085      313600
 1086              	.LASF15:
 1087 013a 75696E74 		.ascii	"uint32\000"
 1087      333200
 1088              	.LASF0:
 1089 0141 756E7369 		.ascii	"unsigned int\000"
 1089      676E6564 
 1089      20696E74 
 1089      00
 1090              	.LASF26:
 1091 014e 61646472 		.ascii	"address\000"
 1091      65737300 
 1092              	.LASF9:
 1093 0156 6C6F6E67 		.ascii	"long long unsigned int\000"
 1093      206C6F6E 
 1093      6720756E 
 1093      7369676E 
 1093      65642069 
 1094              	.LASF28:
 1095 016d 6366675F 		.ascii	"cfg_memset_t\000"
 1095      6D656D73 
 1095      65745F74 
 1095      00
 1096              	.LASF10:
 1097 017a 73697A65 		.ascii	"sizetype\000"
 1097      74797065 
 1097      00
 1098              	.LASF1:
 1099 0183 6C6F6E67 		.ascii	"long long int\000"
 1099      206C6F6E 
 1099      6720696E 
 1099      7400
 1100              	.LASF32:
 1101 0191 443A5C4E 		.ascii	"D:\\Nico\\Archivos\\lib_psoc\\Cypress-PSOC-OLED-mas"
 1101      69636F5C 
 1101      41726368 
 1101      69766F73 
 1101      5C6C6962 
 1102 01c0 7465725C 		.ascii	"ter\\OLED.cydsn\000"
 1102      4F4C4544 
 1102      2E637964 
 1102      736E00
 1103              	.LASF11:
 1104 01cf 63686172 		.ascii	"char\000"
 1104      00
 1105              	.LASF5:
 1106 01d4 73686F72 		.ascii	"short int\000"
ARM GAS  C:\Users\jdrd3\AppData\Local\Temp\ccFmyDZM.s 			page 27


 1106      7420696E 
 1106      7400
 1107              	.LASF7:
 1108 01de 6C6F6E67 		.ascii	"long int\000"
 1108      20696E74 
 1108      00
 1109              	.LASF2:
 1110 01e7 6C6F6E67 		.ascii	"long double\000"
 1110      20646F75 
 1110      626C6500 
 1111              	.LASF3:
 1112 01f3 7369676E 		.ascii	"signed char\000"
 1112      65642063 
 1112      68617200 
 1113              	.LASF31:
 1114 01ff 47656E65 		.ascii	"Generated_Source\\PSoC4\\cyfitter_cfg.c\000"
 1114      72617465 
 1114      645F536F 
 1114      75726365 
 1114      5C50536F 
 1115              	.LASF23:
 1116 0225 4359434F 		.ascii	"CYCONFIGCPYCODE\000"
 1116      4E464947 
 1116      43505943 
 1116      4F444500 
 1117              	.LASF21:
 1118 0235 4359434F 		.ascii	"CYCONFIGCPY\000"
 1118      4E464947 
 1118      43505900 
 1119              		.ident	"GCC: (GNU Tools for ARM Embedded Processors) 5.4.1 20160609 (release) [ARM/embedded-5-bran
